  Determining projects to restore...
  All projects are up-to-date for restore.
  FrontierSharp.Common -> C:\source\FrontierSharp\src\FrontierSharp.Common\bin\Debug\net10.0\FrontierSharp.Common.dll
  FrontierSharp.Data -> C:\source\FrontierSharp\src\FrontierSharp.Data\bin\Debug\net10.0\FrontierSharp.Data.dll
  FrontierSharp.HttpClient -> C:\source\FrontierSharp\src\FrontierSharp.HttpClient\bin\Debug\net10.0\FrontierSharp.HttpClient.dll
  FrontierSharp.WorldApi -> C:\source\FrontierSharp\src\FrontierSharp.WorldApi\bin\Debug\net10.0\FrontierSharp.WorldApi.dll
  FrontierSharp.SuiClient -> C:\source\FrontierSharp\src\FrontierSharp.SuiClient\bin\Debug\net10.0\FrontierSharp.SuiClient.dll
  FrontierSharp.CommandLine -> C:\source\FrontierSharp\src\FrontierSharp.CommandLine\bin\Debug\net10.0\frontierctl.dll
  FrontierSharp.Starmap -> C:\source\FrontierSharp\src\FrontierSharp.Starmap\bin\Debug\net10.0\FrontierSharp.Starmap.dll
  FrontierSharp.Tests -> C:\source\FrontierSharp\src\FrontierSharp.Tests\bin\Debug\net10.0\FrontierSharp.Tests.dll
Test run for C:\source\FrontierSharp\src\FrontierSharp.Tests\bin\Debug\net10.0\FrontierSharp.Tests.dll (.NETCoreApp,Version=v10.0)
A total of 1 test files matched the specified pattern.

Passed!  - Failed:     0, Passed:   206, Skipped:     0, Total:   206, Duration: 229 ms - FrontierSharp.Tests.dll (net10.0)
